./rtl/src_emmc/DWC_mobile_storage_params.v
./rtl/src_emmc/DWC_mobile_storage_derived_params.v
./rtl/src_emmc/DWC_mobile_storage_clk_mux_4x1.v
./rtl/src_emmc/DWC_mobile_storage_clk_mux_2x1.v
./rtl/src_emmc/DWC_mobile_storage_clk_and.v
./rtl/src_emmc/DWC_mobile_storage_clk_or.v
./rtl/src_emmc/DWC_mobile_storage_ahb2apb.v
./rtl/src_emmc/DWC_mobile_storage_regb.v
./rtl/src_emmc/DWC_mobile_storage_dma.v
./rtl/src_emmc/DWC_mobile_storage_cdet.v
./rtl/src_emmc/DWC_mobile_storage_2clk_fifoctl.v
./rtl/src_emmc/DWC_mobile_storage_biu.v
./rtl/src_emmc/DWC_mobile_storage_b2c.v
./rtl/src_emmc/DWC_mobile_storage_c2b.v
./rtl/src_emmc/DWC_mobile_storage_2clk_dssram.v
./rtl/src_emmc/DWC_mobile_storage_autostop.v
./rtl/src_emmc/DWC_mobile_storage_rxfifowr.v
./rtl/src_emmc/DWC_mobile_storage_txfiford.v
./rtl/src_emmc/DWC_mobile_storage_crc7.v
./rtl/src_emmc/DWC_mobile_storage_crc16.v
./rtl/src_emmc/DWC_mobile_storage_c2b2clk.v
./rtl/src_emmc/DWC_mobile_storage_intrcntl.v
./rtl/src_emmc/DWC_mobile_storage_clkcntl.v
./rtl/src_emmc/DWC_mobile_storage_clkmux_interleave.v
./rtl/src_emmc/DWC_mobile_storage_muxdemux.v
./rtl/src_emmc/DWC_mobile_storage_bcm21.v
./rtl/src_emmc/DWC_mobile_storage_cmdpath.v
./rtl/src_emmc/DWC_mobile_storage_datatx.v
./rtl/src_emmc/DWC_mobile_storage_datarx.v
./rtl/src_emmc/DWC_mobile_storage_datapath.v
./rtl/src_emmc/DWC_mobile_storage_ciu.v
./rtl/src_emmc/DWC_mobile_storage_dmac_if.v
./rtl/src_emmc/DWC_mobile_storage_dmac_csr.v
./rtl/src_emmc/DWC_mobile_storage_dmac_cntrl.v
./rtl/src_emmc/DWC_mobile_storage_ahb_ahm.v
./rtl/src_emmc/DWC_mobile_storage_dmac_ahb.v
./rtl/src_emmc/DWC_mobile_storage.v
./rtl/src_emmc/DWC_mobile_storage_top.v
./rtl/src_emmc/DWC_mobile_storage_clk_ctrl.v
./rtl/src_emmc/DWC_mobile_storage-undef.v

