Copyright 1986-2015 Xilinx, Inc. All Rights Reserved.
-----------------------------------------------------------------------------------------------------------------------
| Tool Version : Vivado v.2015.2 (lin64) Build 1266856 Fri Jun 26 16:35:25 MDT 2015
| Date         : Wed Jul  5 09:19:21 2017
| Host         : wusystem-server running 64-bit Ubuntu 14.04.5 LTS
| Command      : report_utilization -file xilinx_ddr3_if_utilization_synth.rpt -pb xilinx_ddr3_if_utilization_synth.pb
| Design       : xilinx_ddr3_if
| Device       : xc7a100t
| Design State : Synthesized
-----------------------------------------------------------------------------------------------------------------------

Utilization Design Information

Table of Contents
-----------------
1. Slice Logic
1.1 Summary of Registers by Type
2. Memory
3. DSP
4. IO and GT Specific
5. Clocking
6. Specific Feature
7. Primitives
8. Black Boxes
9. Instantiated Netlists

1. Slice Logic
--------------

+----------------------------+-------+-------+-----------+-------+
|          Site Type         |  Used | Fixed | Available | Util% |
+----------------------------+-------+-------+-----------+-------+
| Slice LUTs*                | 10676 |     0 |     63400 | 16.84 |
|   LUT as Logic             |  9365 |     0 |     63400 | 14.77 |
|   LUT as Memory            |  1311 |     0 |     19000 |  6.90 |
|     LUT as Distributed RAM |   924 |     0 |           |       |
|     LUT as Shift Register  |   387 |     0 |           |       |
| Slice Registers            |  8780 |     2 |    126800 |  6.92 |
|   Register as Flip Flop    |  8766 |     2 |    126800 |  6.91 |
|   Register as Latch        |     0 |     0 |    126800 |  0.00 |
|   Register as AND/OR       |    14 |     0 |    126800 |  0.01 |
| F7 Muxes                   |   102 |     0 |     31700 |  0.32 |
| F8 Muxes                   |     0 |     0 |     15850 |  0.00 |
+----------------------------+-------+-------+-----------+-------+
* Warning! The Final LUT count, after physical optimizations and full implementation, is typically lower. Run opt_design after synthesis, if not already completed, for a more realistic count.


1.1 Summary of Registers by Type
--------------------------------

+-------+--------------+-------------+--------------+
| Total | Clock Enable | Synchronous | Asynchronous |
+-------+--------------+-------------+--------------+
| 14    |            _ |           - |            - |
| 0     |            _ |           - |          Set |
| 0     |            _ |           - |        Reset |
| 0     |            _ |         Set |            - |
| 0     |            _ |       Reset |            - |
| 0     |          Yes |           - |            - |
| 70    |          Yes |           - |          Set |
| 3     |          Yes |           - |        Reset |
| 382   |          Yes |         Set |            - |
| 8311  |          Yes |       Reset |            - |
+-------+--------------+-------------+--------------+


2. Memory
---------

+-------------------+------+-------+-----------+-------+
|     Site Type     | Used | Fixed | Available | Util% |
+-------------------+------+-------+-----------+-------+
| Block RAM Tile    |  0.5 |     0 |       135 |  0.37 |
|   RAMB36/FIFO*    |    0 |     0 |       135 |  0.00 |
|   RAMB18          |    1 |     0 |       270 |  0.37 |
|     RAMB18E1 only |    1 |       |           |       |
+-------------------+------+-------+-----------+-------+
* Note: Each Block RAM Tile only has one FIFO logic available and therefore can accommodate only one FIFO36E1 or one FIFO18E1. However, if a FIFO18E1 occupies a Block RAM Tile, that tile can still accommodate a RAMB18E1


3. DSP
------

+-----------+------+-------+-----------+-------+
| Site Type | Used | Fixed | Available | Util% |
+-----------+------+-------+-----------+-------+
| DSPs      |    0 |     0 |       240 |  0.00 |
+-----------+------+-------+-----------+-------+


4. IO and GT Specific
---------------------

+-----------------------------+------+-------+-----------+-------+
|          Site Type          | Used | Fixed | Available | Util% |
+-----------------------------+------+-------+-----------+-------+
| Bonded IOB                  |   73 |    73 |       285 | 25.61 |
|   IOB Master Pads           |   38 |       |           |       |
|   IOB Slave Pads            |   35 |       |           |       |
| Bonded IPADs                |    0 |     0 |        14 |  0.00 |
| Bonded OPADs                |    0 |     0 |         8 |  0.00 |
| PHY_CONTROL                 |    2 |     2 |         6 | 33.33 |
| PHASER_REF                  |    2 |     2 |         6 | 33.33 |
| OUT_FIFO                    |    7 |     7 |        24 | 29.17 |
| IN_FIFO                     |    4 |     4 |        24 | 16.67 |
| IDELAYCTRL                  |    1 |     0 |         6 | 16.67 |
| IBUFGDS                     |    0 |     0 |       274 |  0.00 |
| PHASER_OUT/PHASER_OUT_PHY   |    7 |     7 |        24 | 29.17 |
|   PHASER_OUT_PHY only       |    7 |     7 |           |       |
| PHASER_IN/PHASER_IN_PHY     |    4 |     4 |        24 | 16.67 |
|   PHASER_IN_PHY only        |    4 |     4 |           |       |
| IDELAYE2/IDELAYE2_FINEDELAY |   32 |    32 |       300 | 10.67 |
|   IDELAYE2 only             |   32 |    32 |           |       |
| IBUFDS_GTE2                 |    0 |     0 |         4 |  0.00 |
| ILOGIC                      |   36 |    36 |       285 | 12.63 |
|   IFF_IDDR_Register         |    4 |     4 |           |       |
|   ISERDES                   |   32 |    32 |           |       |
| OLOGIC                      |   69 |    69 |       285 | 24.21 |
|   OUTFF_ODDR_Register       |    5 |     5 |           |       |
|   TFF_ODDR_Register         |    4 |     4 |           |       |
|   OSERDES                   |   64 |    64 |           |       |
+-----------------------------+------+-------+-----------+-------+


5. Clocking
-----------

+------------+------+-------+-----------+-------+
|  Site Type | Used | Fixed | Available | Util% |
+------------+------+-------+-----------+-------+
| BUFGCTRL   |    3 |     0 |        32 |  9.38 |
| BUFIO      |    0 |     0 |        24 |  0.00 |
| MMCME2_ADV |    1 |     1 |         6 | 16.67 |
| PLLE2_ADV  |    1 |     1 |         6 | 16.67 |
| BUFMRCE    |    0 |     0 |        12 |  0.00 |
| BUFHCE     |    2 |     0 |        96 |  2.08 |
| BUFR       |    0 |     0 |        24 |  0.00 |
+------------+------+-------+-----------+-------+


6. Specific Feature
-------------------

+-------------+------+-------+-----------+--------+
|  Site Type  | Used | Fixed | Available |  Util% |
+-------------+------+-------+-----------+--------+
| BSCANE2     |    0 |     0 |         4 |   0.00 |
| CAPTUREE2   |    0 |     0 |         1 |   0.00 |
| DNA_PORT    |    0 |     0 |         1 |   0.00 |
| EFUSE_USR   |    0 |     0 |         1 |   0.00 |
| FRAME_ECCE2 |    0 |     0 |         1 |   0.00 |
| ICAPE2      |    0 |     0 |         2 |   0.00 |
| PCIE_2_1    |    0 |     0 |         1 |   0.00 |
| STARTUPE2   |    0 |     0 |         1 |   0.00 |
| XADC        |    1 |     0 |         1 | 100.00 |
+-------------+------+-------+-----------+--------+


7. Primitives
-------------

+--------------------------+------+---------------------+
|         Ref Name         | Used | Functional Category |
+--------------------------+------+---------------------+
| FDRE                     | 8311 |        Flop & Latch |
| LUT5                     | 3178 |                 LUT |
| LUT6                     | 3064 |                 LUT |
| LUT3                     | 1716 |                 LUT |
| LUT4                     | 1494 |                 LUT |
| RAMD32                   | 1386 |  Distributed Memory |
| LUT2                     |  963 |                 LUT |
| LUT1                     |  617 |                 LUT |
| RAMS32                   |  462 |  Distributed Memory |
| FDSE                     |  382 |        Flop & Latch |
| SRLC32E                  |  350 |  Distributed Memory |
| CARRY4                   |  292 |          CarryLogic |
| MUXF7                    |  102 |               MuxFx |
| FDPE                     |   70 |        Flop & Latch |
| OSERDESE2                |   64 |                  IO |
| SRL16E                   |   37 |  Distributed Memory |
| OBUFT                    |   36 |                  IO |
| ISERDESE2                |   32 |                  IO |
| IDELAYE2                 |   32 |                  IO |
| IBUF_INTERMDISABLE       |   32 |                  IO |
| OBUF                     |   25 |                  IO |
| AND2B1L                  |   12 |              Others |
| ODDR                     |    9 |                  IO |
| OBUFTDS                  |    8 |                  IO |
| IBUFDS_INTERMDISABLE_INT |    8 |                  IO |
| PHASER_OUT_PHY           |    7 |                  IO |
| OUT_FIFO                 |    7 |                  IO |
| INV                      |    5 |                 LUT |
| PHASER_IN_PHY            |    4 |                  IO |
| IN_FIFO                  |    4 |                  IO |
| IDDR                     |    4 |                  IO |
| FDCE                     |    3 |        Flop & Latch |
| BUFG                     |    3 |               Clock |
| PHY_CONTROL              |    2 |                  IO |
| PHASER_REF               |    2 |                  IO |
| OR2L                     |    2 |              Others |
| OBUFDS                   |    2 |                  IO |
| BUFH                     |    2 |               Clock |
| XADC                     |    1 |              Others |
| RAMB18E1                 |    1 |        Block Memory |
| PLLE2_ADV                |    1 |               Clock |
| MMCME2_ADV               |    1 |               Clock |
| IDELAYCTRL               |    1 |                  IO |
| IBUFDS                   |    1 |                  IO |
+--------------------------+------+---------------------+


8. Black Boxes
--------------

+----------+------+
| Ref Name | Used |
+----------+------+


9. Instantiated Netlists
------------------------

+----------+------+
| Ref Name | Used |
+----------+------+


